n/UMD_001.jpg
n/UMD_002.jpg
n/UMD_003.jpg
n/UMD_004.jpg
n/UMD_005.jpg
n/UMD_006.jpg
n/UMD_007.jpg
n/UMD_008.jpg
n/UMD_009.jpg
n/UMD_010.jpg
n/UMD_011.jpg
n/UMD_012.jpg
n/UMD_013.jpg
n/UMD_014.jpg
n/UMD_015.jpg
n/UMD_016.jpg
n/UMD_017.jpg
n/UMD_018.jpg
n/UMD_019.jpg
n/UMD_020.jpg
n/UMD_021.jpg
n/UMD_022.jpg
n/UMD_023.jpg
n/UMD_024.jpg
n/UMD_025.jpg
n/UMD_026.jpg
n/UMD_027.jpg
n/UMD_028.jpg
n/UMD_029.jpg
n/UMD_030.jpg
n/UMD_031.jpg
n/UMD_032.jpg
n/UMD_033.jpg
n/UMD_034.jpg
n/UMD_035.jpg
n/UMD_036.jpg
n/UMD_037.jpg
n/UMD_038.jpg
n/UMD_039.jpg
n/UMD_040.jpg
n/UMD_041.jpg
n/UMD_042.jpg
n/UMD_043.jpg
n/UMD_044.jpg
n/UMD_045.jpg
n/UMD_046.jpg
n/UMD_047.jpg
n/UMD_048.jpg
n/UMD_049.jpg
n/UMD_050.jpg
n/UMD_051.jpg
n/UMD_052.jpg
n/UMD_053.jpg
n/UMD_054.jpg
n/UMD_055.jpg
n/UMD_056.jpg
n/UMD_057.jpg
n/UMD_058.jpg
n/UMD_059.jpg
n/UMD_060.jpg
n/UMD_061.jpg
n/UMD_062.jpg
n/UMD_063.jpg
n/UMD_064.jpg
n/UMD_065.jpg
n/UMD_066.jpg
n/UMD_067.jpg
n/UMD_068.jpg
n/UMD_069.jpg
n/UMD_070.jpg
n/UMD_071.jpg
n/UMD_072.jpg
n/UMD_073.jpg
n/UMD_074.jpg
n/UMD_075.jpg
n/UMD_076.jpg
n/UMD_077.jpg
n/UMD_078.jpg
n/UMD_079.jpg
n/UMD_080.jpg
n/UMD_081.jpg
n/UMD_082.jpg
n/UMD_083.jpg
n/UMD_084.jpg
n/UMD_085.jpg
n/UMD_086.jpg
n/UMD_087.jpg
n/UMD_088.jpg
n/UMD_089.jpg
n/UMD_090.jpg
n/UMD_091.jpg
n/UMD_092.jpg
n/UMD_093.jpg
n/UMD_094.jpg
n/UMD_095.jpg
n/UMD_096.jpg
n/UMD_097.jpg
n/UMD_098.jpg
n/UMD_099.jpg
n/UMD_100.jpg
n/UMD_101.jpg
n/UMD_102.jpg
n/UMD_103.jpg
n/UMD_104.jpg
n/UMD_105.jpg
n/UMD_106.jpg